mode: set
github.com/geekzy/gspend-app/apps/auth-service/internal/service/auth_service.go:19.86,24.2 1 1
github.com/geekzy/gspend-app/apps/auth-service/internal/service/auth_service.go:26.106,29.16 2 0
github.com/geekzy/gspend-app/apps/auth-service/internal/service/auth_service.go:29.16,31.3 1 0
github.com/geekzy/gspend-app/apps/auth-service/internal/service/auth_service.go:32.2,32.12 1 0
github.com/geekzy/gspend-app/apps/auth-service/internal/service/auth_service.go:32.12,34.3 1 0
github.com/geekzy/gspend-app/apps/auth-service/internal/service/auth_service.go:37.2,38.16 2 0
github.com/geekzy/gspend-app/apps/auth-service/internal/service/auth_service.go:38.16,40.3 1 0
github.com/geekzy/gspend-app/apps/auth-service/internal/service/auth_service.go:43.2,50.53 2 0
github.com/geekzy/gspend-app/apps/auth-service/internal/service/auth_service.go:50.53,52.3 1 0
github.com/geekzy/gspend-app/apps/auth-service/internal/service/auth_service.go:54.2,54.37 1 0
github.com/geekzy/gspend-app/apps/auth-service/internal/service/auth_service.go:57.100,59.16 2 1
github.com/geekzy/gspend-app/apps/auth-service/internal/service/auth_service.go:59.16,61.3 1 1
github.com/geekzy/gspend-app/apps/auth-service/internal/service/auth_service.go:62.2,62.17 1 1
github.com/geekzy/gspend-app/apps/auth-service/internal/service/auth_service.go:62.17,64.3 1 1
github.com/geekzy/gspend-app/apps/auth-service/internal/service/auth_service.go:67.2,67.62 1 1
github.com/geekzy/gspend-app/apps/auth-service/internal/service/auth_service.go:67.62,69.3 1 1
github.com/geekzy/gspend-app/apps/auth-service/internal/service/auth_service.go:71.2,71.37 1 1
github.com/geekzy/gspend-app/apps/auth-service/internal/service/auth_service.go:74.92,76.16 2 0
github.com/geekzy/gspend-app/apps/auth-service/internal/service/auth_service.go:76.16,78.3 1 0
github.com/geekzy/gspend-app/apps/auth-service/internal/service/auth_service.go:79.2,79.17 1 0
github.com/geekzy/gspend-app/apps/auth-service/internal/service/auth_service.go:79.17,81.3 1 0
github.com/geekzy/gspend-app/apps/auth-service/internal/service/auth_service.go:83.2,88.8 1 0
github.com/geekzy/gspend-app/apps/auth-service/internal/service/auth_service.go:91.74,93.2 1 0
github.com/geekzy/gspend-app/apps/auth-service/internal/service/auth_service.go:95.89,97.16 2 0
github.com/geekzy/gspend-app/apps/auth-service/internal/service/auth_service.go:97.16,99.3 1 0
github.com/geekzy/gspend-app/apps/auth-service/internal/service/auth_service.go:100.2,100.25 1 0
github.com/geekzy/gspend-app/apps/auth-service/internal/service/auth_service.go:103.90,111.16 2 1
github.com/geekzy/gspend-app/apps/auth-service/internal/service/auth_service.go:111.16,113.3 1 0
github.com/geekzy/gspend-app/apps/auth-service/internal/service/auth_service.go:116.2,122.16 2 1
github.com/geekzy/gspend-app/apps/auth-service/internal/service/auth_service.go:122.16,124.3 1 0
github.com/geekzy/gspend-app/apps/auth-service/internal/service/auth_service.go:126.2,135.8 1 1
github.com/geekzy/gspend-app/apps/auth-service/internal/grpc/auth_grpc_service.go:15.76,19.2 1 0
github.com/geekzy/gspend-app/apps/auth-service/internal/grpc/auth_grpc_service.go:21.135,23.16 2 0
github.com/geekzy/gspend-app/apps/auth-service/internal/grpc/auth_grpc_service.go:23.16,28.3 1 0
github.com/geekzy/gspend-app/apps/auth-service/internal/grpc/auth_grpc_service.go:30.2,34.8 1 0
github.com/geekzy/gspend-app/apps/auth-service/internal/grpc/auth_grpc_service.go:37.138,39.16 2 0
github.com/geekzy/gspend-app/apps/auth-service/internal/grpc/auth_grpc_service.go:39.16,41.3 1 0
github.com/geekzy/gspend-app/apps/auth-service/internal/grpc/auth_grpc_service.go:43.2,50.8 1 0
github.com/geekzy/gspend-app/apps/auth-service/internal/grpc/auth_grpc_service.go:53.141,55.16 2 0
github.com/geekzy/gspend-app/apps/auth-service/internal/grpc/auth_grpc_service.go:55.16,57.3 1 0
github.com/geekzy/gspend-app/apps/auth-service/internal/grpc/auth_grpc_service.go:59.2,61.8 1 0
github.com/geekzy/gspend-app/apps/auth-service/internal/grpc/server.go:17.76,28.2 4 0
github.com/geekzy/gspend-app/apps/auth-service/internal/grpc/server.go:30.36,32.16 2 0
github.com/geekzy/gspend-app/apps/auth-service/internal/grpc/server.go:32.16,34.3 1 0
github.com/geekzy/gspend-app/apps/auth-service/internal/grpc/server.go:36.2,37.28 2 0
github.com/geekzy/gspend-app/apps/auth-service/internal/grpc/server.go:40.29,42.2 1 0
github.com/geekzy/gspend-app/apps/auth-service/internal/config/config.go:19.46,29.2 7 0
github.com/geekzy/gspend-app/apps/auth-service/internal/handler/auth_handler.go:17.68,22.2 1 0
github.com/geekzy/gspend-app/apps/auth-service/internal/handler/auth_handler.go:24.54,26.36 2 0
github.com/geekzy/gspend-app/apps/auth-service/internal/handler/auth_handler.go:26.36,28.3 1 0
github.com/geekzy/gspend-app/apps/auth-service/internal/handler/auth_handler.go:30.2,30.47 1 0
github.com/geekzy/gspend-app/apps/auth-service/internal/handler/auth_handler.go:30.47,32.3 1 0
github.com/geekzy/gspend-app/apps/auth-service/internal/handler/auth_handler.go:34.2,35.16 2 0
github.com/geekzy/gspend-app/apps/auth-service/internal/handler/auth_handler.go:35.16,37.3 1 0
github.com/geekzy/gspend-app/apps/auth-service/internal/handler/auth_handler.go:39.2,39.41 1 0
github.com/geekzy/gspend-app/apps/auth-service/internal/handler/auth_handler.go:42.51,44.36 2 0
github.com/geekzy/gspend-app/apps/auth-service/internal/handler/auth_handler.go:44.36,46.3 1 0
github.com/geekzy/gspend-app/apps/auth-service/internal/handler/auth_handler.go:48.2,48.47 1 0
github.com/geekzy/gspend-app/apps/auth-service/internal/handler/auth_handler.go:48.47,50.3 1 0
github.com/geekzy/gspend-app/apps/auth-service/internal/handler/auth_handler.go:52.2,53.16 2 0
github.com/geekzy/gspend-app/apps/auth-service/internal/handler/auth_handler.go:53.16,55.3 1 0
github.com/geekzy/gspend-app/apps/auth-service/internal/handler/auth_handler.go:57.2,57.36 1 0
github.com/geekzy/gspend-app/apps/auth-service/internal/handler/auth_handler.go:60.56,64.16 3 0
github.com/geekzy/gspend-app/apps/auth-service/internal/handler/auth_handler.go:64.16,66.3 1 0
github.com/geekzy/gspend-app/apps/auth-service/internal/handler/auth_handler.go:68.2,68.36 1 0
github.com/geekzy/gspend-app/apps/auth-service/pkg/proto/auth/v1/auth.pb.go:33.40,38.2 4 0
github.com/geekzy/gspend-app/apps/auth-service/pkg/proto/auth/v1/auth.pb.go:40.48,42.2 1 0
github.com/geekzy/gspend-app/apps/auth-service/pkg/proto/auth/v1/auth.pb.go:44.46,44.47 0 0
github.com/geekzy/gspend-app/apps/auth-service/pkg/proto/auth/v1/auth.pb.go:46.68,48.14 2 0
github.com/geekzy/gspend-app/apps/auth-service/pkg/proto/auth/v1/auth.pb.go:48.14,50.34 2 0
github.com/geekzy/gspend-app/apps/auth-service/pkg/proto/auth/v1/auth.pb.go:50.34,52.4 1 0
github.com/geekzy/gspend-app/apps/auth-service/pkg/proto/auth/v1/auth.pb.go:53.3,53.12 1 0
github.com/geekzy/gspend-app/apps/auth-service/pkg/proto/auth/v1/auth.pb.go:55.2,55.24 1 0
github.com/geekzy/gspend-app/apps/auth-service/pkg/proto/auth/v1/auth.pb.go:59.59,61.2 1 0
github.com/geekzy/gspend-app/apps/auth-service/pkg/proto/auth/v1/auth.pb.go:63.50,64.14 1 0
github.com/geekzy/gspend-app/apps/auth-service/pkg/proto/auth/v1/auth.pb.go:64.14,66.3 1 0
github.com/geekzy/gspend-app/apps/auth-service/pkg/proto/auth/v1/auth.pb.go:67.2,67.11 1 0
github.com/geekzy/gspend-app/apps/auth-service/pkg/proto/auth/v1/auth.pb.go:80.41,85.2 4 0
github.com/geekzy/gspend-app/apps/auth-service/pkg/proto/auth/v1/auth.pb.go:87.49,89.2 1 0
github.com/geekzy/gspend-app/apps/auth-service/pkg/proto/auth/v1/auth.pb.go:91.47,91.48 0 0
github.com/geekzy/gspend-app/apps/auth-service/pkg/proto/auth/v1/auth.pb.go:93.69,95.14 2 0
github.com/geekzy/gspend-app/apps/auth-service/pkg/proto/auth/v1/auth.pb.go:95.14,97.34 2 0
github.com/geekzy/gspend-app/apps/auth-service/pkg/proto/auth/v1/auth.pb.go:97.34,99.4 1 0
github.com/geekzy/gspend-app/apps/auth-service/pkg/proto/auth/v1/auth.pb.go:100.3,100.12 1 0
github.com/geekzy/gspend-app/apps/auth-service/pkg/proto/auth/v1/auth.pb.go:102.2,102.24 1 0
github.com/geekzy/gspend-app/apps/auth-service/pkg/proto/auth/v1/auth.pb.go:106.60,108.2 1 0
github.com/geekzy/gspend-app/apps/auth-service/pkg/proto/auth/v1/auth.pb.go:110.49,111.14 1 0
github.com/geekzy/gspend-app/apps/auth-service/pkg/proto/auth/v1/auth.pb.go:111.14,113.3 1 0
github.com/geekzy/gspend-app/apps/auth-service/pkg/proto/auth/v1/auth.pb.go:114.2,114.14 1 0
github.com/geekzy/gspend-app/apps/auth-service/pkg/proto/auth/v1/auth.pb.go:117.52,118.14 1 0
github.com/geekzy/gspend-app/apps/auth-service/pkg/proto/auth/v1/auth.pb.go:118.14,120.3 1 0
github.com/geekzy/gspend-app/apps/auth-service/pkg/proto/auth/v1/auth.pb.go:121.2,121.11 1 0
github.com/geekzy/gspend-app/apps/auth-service/pkg/proto/auth/v1/auth.pb.go:124.51,125.14 1 0
github.com/geekzy/gspend-app/apps/auth-service/pkg/proto/auth/v1/auth.pb.go:125.14,127.3 1 0
github.com/geekzy/gspend-app/apps/auth-service/pkg/proto/auth/v1/auth.pb.go:128.2,128.11 1 0
github.com/geekzy/gspend-app/apps/auth-service/pkg/proto/auth/v1/auth.pb.go:131.58,132.14 1 0
github.com/geekzy/gspend-app/apps/auth-service/pkg/proto/auth/v1/auth.pb.go:132.14,134.3 1 0
github.com/geekzy/gspend-app/apps/auth-service/pkg/proto/auth/v1/auth.pb.go:135.2,135.11 1 0
github.com/geekzy/gspend-app/apps/auth-service/pkg/proto/auth/v1/auth.pb.go:146.41,151.2 4 0
github.com/geekzy/gspend-app/apps/auth-service/pkg/proto/auth/v1/auth.pb.go:153.49,155.2 1 0
github.com/geekzy/gspend-app/apps/auth-service/pkg/proto/auth/v1/auth.pb.go:157.47,157.48 0 0
github.com/geekzy/gspend-app/apps/auth-service/pkg/proto/auth/v1/auth.pb.go:159.69,161.14 2 0
github.com/geekzy/gspend-app/apps/auth-service/pkg/proto/auth/v1/auth.pb.go:161.14,163.34 2 0
github.com/geekzy/gspend-app/apps/auth-service/pkg/proto/auth/v1/auth.pb.go:163.34,165.4 1 0
github.com/geekzy/gspend-app/apps/auth-service/pkg/proto/auth/v1/auth.pb.go:166.3,166.12 1 0
github.com/geekzy/gspend-app/apps/auth-service/pkg/proto/auth/v1/auth.pb.go:168.2,168.24 1 0
github.com/geekzy/gspend-app/apps/auth-service/pkg/proto/auth/v1/auth.pb.go:172.60,174.2 1 0
github.com/geekzy/gspend-app/apps/auth-service/pkg/proto/auth/v1/auth.pb.go:176.52,177.14 1 0
github.com/geekzy/gspend-app/apps/auth-service/pkg/proto/auth/v1/auth.pb.go:177.14,179.3 1 0
github.com/geekzy/gspend-app/apps/auth-service/pkg/proto/auth/v1/auth.pb.go:180.2,180.11 1 0
github.com/geekzy/gspend-app/apps/auth-service/pkg/proto/auth/v1/auth.pb.go:190.42,195.2 4 0
github.com/geekzy/gspend-app/apps/auth-service/pkg/proto/auth/v1/auth.pb.go:197.50,199.2 1 0
github.com/geekzy/gspend-app/apps/auth-service/pkg/proto/auth/v1/auth.pb.go:201.48,201.49 0 0
github.com/geekzy/gspend-app/apps/auth-service/pkg/proto/auth/v1/auth.pb.go:203.70,205.14 2 0
github.com/geekzy/gspend-app/apps/auth-service/pkg/proto/auth/v1/auth.pb.go:205.14,207.34 2 0
github.com/geekzy/gspend-app/apps/auth-service/pkg/proto/auth/v1/auth.pb.go:207.34,209.4 1 0
github.com/geekzy/gspend-app/apps/auth-service/pkg/proto/auth/v1/auth.pb.go:210.3,210.12 1 0
github.com/geekzy/gspend-app/apps/auth-service/pkg/proto/auth/v1/auth.pb.go:212.2,212.24 1 0
github.com/geekzy/gspend-app/apps/auth-service/pkg/proto/auth/v1/auth.pb.go:216.61,218.2 1 0
github.com/geekzy/gspend-app/apps/auth-service/pkg/proto/auth/v1/auth.pb.go:220.50,221.14 1 0
github.com/geekzy/gspend-app/apps/auth-service/pkg/proto/auth/v1/auth.pb.go:221.14,223.3 1 0
github.com/geekzy/gspend-app/apps/auth-service/pkg/proto/auth/v1/auth.pb.go:224.2,224.12 1 0
github.com/geekzy/gspend-app/apps/auth-service/pkg/proto/auth/v1/auth.pb.go:239.24,244.2 4 0
github.com/geekzy/gspend-app/apps/auth-service/pkg/proto/auth/v1/auth.pb.go:246.32,248.2 1 0
github.com/geekzy/gspend-app/apps/auth-service/pkg/proto/auth/v1/auth.pb.go:250.30,250.31 0 0
github.com/geekzy/gspend-app/apps/auth-service/pkg/proto/auth/v1/auth.pb.go:252.52,254.14 2 0
github.com/geekzy/gspend-app/apps/auth-service/pkg/proto/auth/v1/auth.pb.go:254.14,256.34 2 0
github.com/geekzy/gspend-app/apps/auth-service/pkg/proto/auth/v1/auth.pb.go:256.34,258.4 1 0
github.com/geekzy/gspend-app/apps/auth-service/pkg/proto/auth/v1/auth.pb.go:259.3,259.12 1 0
github.com/geekzy/gspend-app/apps/auth-service/pkg/proto/auth/v1/auth.pb.go:261.2,261.24 1 0
github.com/geekzy/gspend-app/apps/auth-service/pkg/proto/auth/v1/auth.pb.go:265.43,267.2 1 0
github.com/geekzy/gspend-app/apps/auth-service/pkg/proto/auth/v1/auth.pb.go:269.31,270.14 1 0
github.com/geekzy/gspend-app/apps/auth-service/pkg/proto/auth/v1/auth.pb.go:270.14,272.3 1 0
github.com/geekzy/gspend-app/apps/auth-service/pkg/proto/auth/v1/auth.pb.go:273.2,273.11 1 0
github.com/geekzy/gspend-app/apps/auth-service/pkg/proto/auth/v1/auth.pb.go:276.34,277.14 1 0
github.com/geekzy/gspend-app/apps/auth-service/pkg/proto/auth/v1/auth.pb.go:277.14,279.3 1 0
github.com/geekzy/gspend-app/apps/auth-service/pkg/proto/auth/v1/auth.pb.go:280.2,280.11 1 0
github.com/geekzy/gspend-app/apps/auth-service/pkg/proto/auth/v1/auth.pb.go:283.37,284.14 1 0
github.com/geekzy/gspend-app/apps/auth-service/pkg/proto/auth/v1/auth.pb.go:284.14,286.3 1 0
github.com/geekzy/gspend-app/apps/auth-service/pkg/proto/auth/v1/auth.pb.go:287.2,287.11 1 0
github.com/geekzy/gspend-app/apps/auth-service/pkg/proto/auth/v1/auth.pb.go:290.38,291.14 1 0
github.com/geekzy/gspend-app/apps/auth-service/pkg/proto/auth/v1/auth.pb.go:291.14,293.3 1 0
github.com/geekzy/gspend-app/apps/auth-service/pkg/proto/auth/v1/auth.pb.go:294.2,294.10 1 0
github.com/geekzy/gspend-app/apps/auth-service/pkg/proto/auth/v1/auth.pb.go:297.54,298.14 1 0
github.com/geekzy/gspend-app/apps/auth-service/pkg/proto/auth/v1/auth.pb.go:298.14,300.3 1 0
github.com/geekzy/gspend-app/apps/auth-service/pkg/proto/auth/v1/auth.pb.go:301.2,301.12 1 0
github.com/geekzy/gspend-app/apps/auth-service/pkg/proto/auth/v1/auth.pb.go:304.54,305.14 1 0
github.com/geekzy/gspend-app/apps/auth-service/pkg/proto/auth/v1/auth.pb.go:305.14,307.3 1 0
github.com/geekzy/gspend-app/apps/auth-service/pkg/proto/auth/v1/auth.pb.go:308.2,308.12 1 0
github.com/geekzy/gspend-app/apps/auth-service/pkg/proto/auth/v1/auth.pb.go:319.42,324.2 4 0
github.com/geekzy/gspend-app/apps/auth-service/pkg/proto/auth/v1/auth.pb.go:326.50,328.2 1 0
github.com/geekzy/gspend-app/apps/auth-service/pkg/proto/auth/v1/auth.pb.go:330.48,330.49 0 0
github.com/geekzy/gspend-app/apps/auth-service/pkg/proto/auth/v1/auth.pb.go:332.70,334.14 2 0
github.com/geekzy/gspend-app/apps/auth-service/pkg/proto/auth/v1/auth.pb.go:334.14,336.34 2 0
github.com/geekzy/gspend-app/apps/auth-service/pkg/proto/auth/v1/auth.pb.go:336.34,338.4 1 0
github.com/geekzy/gspend-app/apps/auth-service/pkg/proto/auth/v1/auth.pb.go:339.3,339.12 1 0
github.com/geekzy/gspend-app/apps/auth-service/pkg/proto/auth/v1/auth.pb.go:341.2,341.24 1 0
github.com/geekzy/gspend-app/apps/auth-service/pkg/proto/auth/v1/auth.pb.go:345.61,347.2 1 0
github.com/geekzy/gspend-app/apps/auth-service/pkg/proto/auth/v1/auth.pb.go:349.53,350.14 1 0
github.com/geekzy/gspend-app/apps/auth-service/pkg/proto/auth/v1/auth.pb.go:350.14,352.3 1 0
github.com/geekzy/gspend-app/apps/auth-service/pkg/proto/auth/v1/auth.pb.go:353.2,353.11 1 0
github.com/geekzy/gspend-app/apps/auth-service/pkg/proto/auth/v1/auth.pb.go:363.43,368.2 4 0
github.com/geekzy/gspend-app/apps/auth-service/pkg/proto/auth/v1/auth.pb.go:370.51,372.2 1 0
github.com/geekzy/gspend-app/apps/auth-service/pkg/proto/auth/v1/auth.pb.go:374.49,374.50 0 0
github.com/geekzy/gspend-app/apps/auth-service/pkg/proto/auth/v1/auth.pb.go:376.71,378.14 2 0
github.com/geekzy/gspend-app/apps/auth-service/pkg/proto/auth/v1/auth.pb.go:378.14,380.34 2 0
github.com/geekzy/gspend-app/apps/auth-service/pkg/proto/auth/v1/auth.pb.go:380.34,382.4 1 0
github.com/geekzy/gspend-app/apps/auth-service/pkg/proto/auth/v1/auth.pb.go:383.3,383.12 1 0
github.com/geekzy/gspend-app/apps/auth-service/pkg/proto/auth/v1/auth.pb.go:385.2,385.24 1 0
github.com/geekzy/gspend-app/apps/auth-service/pkg/proto/auth/v1/auth.pb.go:389.62,391.2 1 0
github.com/geekzy/gspend-app/apps/auth-service/pkg/proto/auth/v1/auth.pb.go:393.52,394.14 1 0
github.com/geekzy/gspend-app/apps/auth-service/pkg/proto/auth/v1/auth.pb.go:394.14,396.3 1 0
github.com/geekzy/gspend-app/apps/auth-service/pkg/proto/auth/v1/auth.pb.go:397.2,397.14 1 0
github.com/geekzy/gspend-app/apps/auth-service/pkg/proto/auth/v1/auth.pb.go:440.51,441.48 1 0
github.com/geekzy/gspend-app/apps/auth-service/pkg/proto/auth/v1/auth.pb.go:441.48,443.3 1 0
github.com/geekzy/gspend-app/apps/auth-service/pkg/proto/auth/v1/auth.pb.go:444.2,444.44 1 0
github.com/geekzy/gspend-app/apps/auth-service/pkg/proto/auth/v1/auth.pb.go:475.13,475.47 1 0
github.com/geekzy/gspend-app/apps/auth-service/pkg/proto/auth/v1/auth.pb.go:476.37,477.36 1 0
github.com/geekzy/gspend-app/apps/auth-service/pkg/proto/auth/v1/auth.pb.go:477.36,479.3 1 0
github.com/geekzy/gspend-app/apps/auth-service/pkg/proto/auth/v1/auth.pb.go:480.2,496.39 5 0
github.com/geekzy/gspend-app/apps/auth-service/pkg/proto/auth/v1/auth_grpc.pb.go:45.74,47.2 1 0
github.com/geekzy/gspend-app/apps/auth-service/pkg/proto/auth/v1/auth_grpc.pb.go:49.147,53.16 4 0
github.com/geekzy/gspend-app/apps/auth-service/pkg/proto/auth/v1/auth_grpc.pb.go:53.16,55.3 1 0
github.com/geekzy/gspend-app/apps/auth-service/pkg/proto/auth/v1/auth_grpc.pb.go:56.2,56.17 1 0
github.com/geekzy/gspend-app/apps/auth-service/pkg/proto/auth/v1/auth_grpc.pb.go:59.150,63.16 4 0
github.com/geekzy/gspend-app/apps/auth-service/pkg/proto/auth/v1/auth_grpc.pb.go:63.16,65.3 1 0
github.com/geekzy/gspend-app/apps/auth-service/pkg/proto/auth/v1/auth_grpc.pb.go:66.2,66.17 1 0
github.com/geekzy/gspend-app/apps/auth-service/pkg/proto/auth/v1/auth_grpc.pb.go:69.153,73.16 4 0
github.com/geekzy/gspend-app/apps/auth-service/pkg/proto/auth/v1/auth_grpc.pb.go:73.16,75.3 1 0
github.com/geekzy/gspend-app/apps/auth-service/pkg/proto/auth/v1/auth_grpc.pb.go:76.2,76.17 1 0
github.com/geekzy/gspend-app/apps/auth-service/pkg/proto/auth/v1/auth_grpc.pb.go:101.125,103.2 1 0
github.com/geekzy/gspend-app/apps/auth-service/pkg/proto/auth/v1/auth_grpc.pb.go:104.128,106.2 1 0
github.com/geekzy/gspend-app/apps/auth-service/pkg/proto/auth/v1/auth_grpc.pb.go:107.131,109.2 1 0
github.com/geekzy/gspend-app/apps/auth-service/pkg/proto/auth/v1/auth_grpc.pb.go:110.82,110.83 0 0
github.com/geekzy/gspend-app/apps/auth-service/pkg/proto/auth/v1/auth_grpc.pb.go:111.82,111.83 0 0
github.com/geekzy/gspend-app/apps/auth-service/pkg/proto/auth/v1/auth_grpc.pb.go:120.80,125.59 1 0
github.com/geekzy/gspend-app/apps/auth-service/pkg/proto/auth/v1/auth_grpc.pb.go:125.59,127.3 1 0
github.com/geekzy/gspend-app/apps/auth-service/pkg/proto/auth/v1/auth_grpc.pb.go:128.2,128.50 1 0
github.com/geekzy/gspend-app/apps/auth-service/pkg/proto/auth/v1/auth_grpc.pb.go:131.170,133.32 2 0
github.com/geekzy/gspend-app/apps/auth-service/pkg/proto/auth/v1/auth_grpc.pb.go:133.32,135.3 1 0
github.com/geekzy/gspend-app/apps/auth-service/pkg/proto/auth/v1/auth_grpc.pb.go:136.2,136.24 1 0
github.com/geekzy/gspend-app/apps/auth-service/pkg/proto/auth/v1/auth_grpc.pb.go:136.24,138.3 1 0
github.com/geekzy/gspend-app/apps/auth-service/pkg/proto/auth/v1/auth_grpc.pb.go:139.2,143.77 2 0
github.com/geekzy/gspend-app/apps/auth-service/pkg/proto/auth/v1/auth_grpc.pb.go:143.77,145.3 1 0
github.com/geekzy/gspend-app/apps/auth-service/pkg/proto/auth/v1/auth_grpc.pb.go:146.2,146.44 1 0
github.com/geekzy/gspend-app/apps/auth-service/pkg/proto/auth/v1/auth_grpc.pb.go:149.171,151.32 2 0
github.com/geekzy/gspend-app/apps/auth-service/pkg/proto/auth/v1/auth_grpc.pb.go:151.32,153.3 1 0
github.com/geekzy/gspend-app/apps/auth-service/pkg/proto/auth/v1/auth_grpc.pb.go:154.2,154.24 1 0
github.com/geekzy/gspend-app/apps/auth-service/pkg/proto/auth/v1/auth_grpc.pb.go:154.24,156.3 1 0
github.com/geekzy/gspend-app/apps/auth-service/pkg/proto/auth/v1/auth_grpc.pb.go:157.2,161.77 2 0
github.com/geekzy/gspend-app/apps/auth-service/pkg/proto/auth/v1/auth_grpc.pb.go:161.77,163.3 1 0
github.com/geekzy/gspend-app/apps/auth-service/pkg/proto/auth/v1/auth_grpc.pb.go:164.2,164.44 1 0
github.com/geekzy/gspend-app/apps/auth-service/pkg/proto/auth/v1/auth_grpc.pb.go:167.172,169.32 2 0
github.com/geekzy/gspend-app/apps/auth-service/pkg/proto/auth/v1/auth_grpc.pb.go:169.32,171.3 1 0
github.com/geekzy/gspend-app/apps/auth-service/pkg/proto/auth/v1/auth_grpc.pb.go:172.2,172.24 1 0
github.com/geekzy/gspend-app/apps/auth-service/pkg/proto/auth/v1/auth_grpc.pb.go:172.24,174.3 1 0
github.com/geekzy/gspend-app/apps/auth-service/pkg/proto/auth/v1/auth_grpc.pb.go:175.2,179.77 2 0
github.com/geekzy/gspend-app/apps/auth-service/pkg/proto/auth/v1/auth_grpc.pb.go:179.77,181.3 1 0
github.com/geekzy/gspend-app/apps/auth-service/pkg/proto/auth/v1/auth_grpc.pb.go:182.2,182.44 1 0
github.com/geekzy/gspend-app/apps/auth-service/cmd/server/main.go:19.13,22.16 2 0
github.com/geekzy/gspend-app/apps/auth-service/cmd/server/main.go:22.16,24.3 1 0
github.com/geekzy/gspend-app/apps/auth-service/cmd/server/main.go:27.2,28.16 2 0
github.com/geekzy/gspend-app/apps/auth-service/cmd/server/main.go:28.16,30.3 1 0
github.com/geekzy/gspend-app/apps/auth-service/cmd/server/main.go:31.2,36.16 4 0
github.com/geekzy/gspend-app/apps/auth-service/cmd/server/main.go:36.16,38.3 1 0
github.com/geekzy/gspend-app/apps/auth-service/cmd/server/main.go:39.2,61.47 11 0
github.com/geekzy/gspend-app/apps/auth-service/cmd/server/main.go:61.47,67.3 1 0
github.com/geekzy/gspend-app/apps/auth-service/cmd/server/main.go:68.2,76.12 6 0
github.com/geekzy/gspend-app/apps/auth-service/cmd/server/main.go:76.12,77.44 1 0
github.com/geekzy/gspend-app/apps/auth-service/cmd/server/main.go:77.44,79.4 1 0
github.com/geekzy/gspend-app/apps/auth-service/cmd/server/main.go:83.2,84.62 2 0
github.com/geekzy/gspend-app/apps/auth-service/cmd/server/main.go:84.62,86.3 1 0
github.com/geekzy/gspend-app/apps/auth-service/internal/middleware/auth.go:13.61,14.54 1 0
github.com/geekzy/gspend-app/apps/auth-service/internal/middleware/auth.go:14.54,15.37 1 0
github.com/geekzy/gspend-app/apps/auth-service/internal/middleware/auth.go:15.37,17.24 2 0
github.com/geekzy/gspend-app/apps/auth-service/internal/middleware/auth.go:17.24,19.5 1 0
github.com/geekzy/gspend-app/apps/auth-service/internal/middleware/auth.go:21.4,22.47 2 0
github.com/geekzy/gspend-app/apps/auth-service/internal/middleware/auth.go:22.47,24.5 1 0
github.com/geekzy/gspend-app/apps/auth-service/internal/middleware/auth.go:26.4,28.18 3 0
github.com/geekzy/gspend-app/apps/auth-service/internal/middleware/auth.go:28.18,30.5 1 0
github.com/geekzy/gspend-app/apps/auth-service/internal/middleware/auth.go:33.4,36.18 3 0
github.com/geekzy/gspend-app/apps/auth-service/pkg/database/mongodb.go:12.56,17.16 4 0
github.com/geekzy/gspend-app/apps/auth-service/pkg/database/mongodb.go:17.16,19.3 1 0
github.com/geekzy/gspend-app/apps/auth-service/pkg/database/mongodb.go:22.2,22.46 1 0
github.com/geekzy/gspend-app/apps/auth-service/pkg/database/mongodb.go:22.46,24.3 1 0
github.com/geekzy/gspend-app/apps/auth-service/pkg/database/mongodb.go:26.2,26.20 1 0
github.com/geekzy/gspend-app/apps/auth-service/pkg/database/redis.go:12.87,23.53 4 0
github.com/geekzy/gspend-app/apps/auth-service/pkg/database/redis.go:23.53,25.3 1 0
github.com/geekzy/gspend-app/apps/auth-service/pkg/database/redis.go:27.2,27.20 1 0
github.com/geekzy/gspend-app/apps/auth-service/internal/util/jwt.go:17.90,29.2 3 0
github.com/geekzy/gspend-app/apps/auth-service/internal/util/jwt.go:32.68,33.107 1 0
github.com/geekzy/gspend-app/apps/auth-service/internal/util/jwt.go:33.107,35.3 1 0
github.com/geekzy/gspend-app/apps/auth-service/internal/util/jwt.go:37.2,37.16 1 0
github.com/geekzy/gspend-app/apps/auth-service/internal/util/jwt.go:37.16,39.3 1 0
github.com/geekzy/gspend-app/apps/auth-service/internal/util/jwt.go:41.2,41.64 1 0
github.com/geekzy/gspend-app/apps/auth-service/internal/util/jwt.go:41.64,43.3 1 0
github.com/geekzy/gspend-app/apps/auth-service/internal/util/jwt.go:45.2,45.41 1 0
github.com/geekzy/gspend-app/apps/auth-service/internal/util/password.go:8.52,11.2 2 0
github.com/geekzy/gspend-app/apps/auth-service/internal/util/password.go:14.52,17.2 2 0
github.com/geekzy/gspend-app/apps/auth-service/internal/repository/user_repository.go:19.71,23.2 1 0
github.com/geekzy/gspend-app/apps/auth-service/internal/repository/user_repository.go:25.84,32.2 5 0
github.com/geekzy/gspend-app/apps/auth-service/internal/repository/user_repository.go:34.93,36.16 2 0
github.com/geekzy/gspend-app/apps/auth-service/internal/repository/user_repository.go:36.16,38.3 1 0
github.com/geekzy/gspend-app/apps/auth-service/internal/repository/user_repository.go:40.2,42.16 3 0
github.com/geekzy/gspend-app/apps/auth-service/internal/repository/user_repository.go:42.16,43.43 1 0
github.com/geekzy/gspend-app/apps/auth-service/internal/repository/user_repository.go:43.43,45.4 1 0
github.com/geekzy/gspend-app/apps/auth-service/internal/repository/user_repository.go:46.3,46.18 1 0
github.com/geekzy/gspend-app/apps/auth-service/internal/repository/user_repository.go:49.2,49.19 1 0
github.com/geekzy/gspend-app/apps/auth-service/internal/repository/user_repository.go:52.99,55.16 3 0
github.com/geekzy/gspend-app/apps/auth-service/internal/repository/user_repository.go:55.16,56.43 1 0
github.com/geekzy/gspend-app/apps/auth-service/internal/repository/user_repository.go:56.43,58.4 1 0
github.com/geekzy/gspend-app/apps/auth-service/internal/repository/user_repository.go:59.3,59.18 1 0
github.com/geekzy/gspend-app/apps/auth-service/internal/repository/user_repository.go:62.2,62.19 1 0
github.com/geekzy/gspend-app/apps/auth-service/internal/repository/user_repository.go:65.84,74.2 3 0
github.com/geekzy/gspend-app/apps/auth-service/internal/repository/user_repository.go:76.76,78.16 2 0
github.com/geekzy/gspend-app/apps/auth-service/internal/repository/user_repository.go:78.16,80.3 1 0
github.com/geekzy/gspend-app/apps/auth-service/internal/repository/user_repository.go:82.2,88.12 3 0
github.com/geekzy/gspend-app/apps/auth-service/internal/repository/user_repository.go:91.87,93.16 2 0
github.com/geekzy/gspend-app/apps/auth-service/internal/repository/user_repository.go:93.16,95.3 1 0
github.com/geekzy/gspend-app/apps/auth-service/internal/repository/user_repository.go:96.2,96.23 1 0
