mode: set
github.com/geekzy/gspend-app/apps/financial-service/internal/repository/budget_repository.go:19.75,23.2 1 0
github.com/geekzy/gspend-app/apps/financial-service/internal/repository/budget_repository.go:25.90,30.30 4 0
github.com/geekzy/gspend-app/apps/financial-service/internal/repository/budget_repository.go:30.30,31.34 1 0
github.com/geekzy/gspend-app/apps/financial-service/internal/repository/budget_repository.go:31.34,33.4 1 0
github.com/geekzy/gspend-app/apps/financial-service/internal/repository/budget_repository.go:36.2,37.12 2 0
github.com/geekzy/gspend-app/apps/financial-service/internal/repository/budget_repository.go:40.109,43.16 3 0
github.com/geekzy/gspend-app/apps/financial-service/internal/repository/budget_repository.go:43.16,44.43 1 0
github.com/geekzy/gspend-app/apps/financial-service/internal/repository/budget_repository.go:44.43,46.4 1 0
github.com/geekzy/gspend-app/apps/financial-service/internal/repository/budget_repository.go:47.3,47.18 1 0
github.com/geekzy/gspend-app/apps/financial-service/internal/repository/budget_repository.go:49.2,49.21 1 0
github.com/geekzy/gspend-app/apps/financial-service/internal/repository/budget_repository.go:52.120,57.16 4 0
github.com/geekzy/gspend-app/apps/financial-service/internal/repository/budget_repository.go:57.16,59.3 1 0
github.com/geekzy/gspend-app/apps/financial-service/internal/repository/budget_repository.go:60.2,63.50 3 0
github.com/geekzy/gspend-app/apps/financial-service/internal/repository/budget_repository.go:63.50,65.3 1 0
github.com/geekzy/gspend-app/apps/financial-service/internal/repository/budget_repository.go:66.2,66.21 1 0
github.com/geekzy/gspend-app/apps/financial-service/internal/repository/budget_repository.go:69.137,78.16 4 0
github.com/geekzy/gspend-app/apps/financial-service/internal/repository/budget_repository.go:78.16,79.43 1 0
github.com/geekzy/gspend-app/apps/financial-service/internal/repository/budget_repository.go:79.43,81.4 1 0
github.com/geekzy/gspend-app/apps/financial-service/internal/repository/budget_repository.go:82.3,82.18 1 0
github.com/geekzy/gspend-app/apps/financial-service/internal/repository/budget_repository.go:84.2,84.21 1 0
github.com/geekzy/gspend-app/apps/financial-service/internal/repository/budget_repository.go:87.90,91.2 3 0
github.com/geekzy/gspend-app/apps/financial-service/internal/repository/budget_repository.go:93.154,105.2 4 0
github.com/geekzy/gspend-app/apps/financial-service/internal/repository/budget_repository.go:107.90,110.2 2 0
github.com/geekzy/gspend-app/apps/financial-service/internal/repository/category_repository.go:19.79,23.2 1 0
github.com/geekzy/gspend-app/apps/financial-service/internal/repository/category_repository.go:25.96,32.2 5 0
github.com/geekzy/gspend-app/apps/financial-service/internal/repository/category_repository.go:34.113,37.16 3 0
github.com/geekzy/gspend-app/apps/financial-service/internal/repository/category_repository.go:37.16,38.43 1 0
github.com/geekzy/gspend-app/apps/financial-service/internal/repository/category_repository.go:38.43,40.4 1 0
github.com/geekzy/gspend-app/apps/financial-service/internal/repository/category_repository.go:41.3,41.18 1 0
github.com/geekzy/gspend-app/apps/financial-service/internal/repository/category_repository.go:43.2,43.23 1 0
github.com/geekzy/gspend-app/apps/financial-service/internal/repository/category_repository.go:46.158,53.24 2 0
github.com/geekzy/gspend-app/apps/financial-service/internal/repository/category_repository.go:53.24,55.3 1 0
github.com/geekzy/gspend-app/apps/financial-service/internal/repository/category_repository.go:57.2,59.16 3 0
github.com/geekzy/gspend-app/apps/financial-service/internal/repository/category_repository.go:59.16,61.3 1 0
github.com/geekzy/gspend-app/apps/financial-service/internal/repository/category_repository.go:62.2,65.53 3 0
github.com/geekzy/gspend-app/apps/financial-service/internal/repository/category_repository.go:65.53,67.3 1 0
github.com/geekzy/gspend-app/apps/financial-service/internal/repository/category_repository.go:68.2,68.24 1 0
github.com/geekzy/gspend-app/apps/financial-service/internal/repository/category_repository.go:71.129,73.24 2 0
github.com/geekzy/gspend-app/apps/financial-service/internal/repository/category_repository.go:73.24,75.3 1 0
github.com/geekzy/gspend-app/apps/financial-service/internal/repository/category_repository.go:77.2,79.16 3 0
github.com/geekzy/gspend-app/apps/financial-service/internal/repository/category_repository.go:79.16,81.3 1 0
github.com/geekzy/gspend-app/apps/financial-service/internal/repository/category_repository.go:82.2,85.53 3 0
github.com/geekzy/gspend-app/apps/financial-service/internal/repository/category_repository.go:85.53,87.3 1 0
github.com/geekzy/gspend-app/apps/financial-service/internal/repository/category_repository.go:88.2,88.24 1 0
github.com/geekzy/gspend-app/apps/financial-service/internal/repository/category_repository.go:91.96,95.2 3 0
github.com/geekzy/gspend-app/apps/financial-service/internal/repository/category_repository.go:97.92,100.2 2 0
github.com/geekzy/gspend-app/apps/financial-service/internal/repository/income_repository.go:19.75,23.2 1 0
github.com/geekzy/gspend-app/apps/financial-service/internal/repository/income_repository.go:25.90,32.2 5 0
github.com/geekzy/gspend-app/apps/financial-service/internal/repository/income_repository.go:34.109,37.16 3 0
github.com/geekzy/gspend-app/apps/financial-service/internal/repository/income_repository.go:37.16,38.43 1 0
github.com/geekzy/gspend-app/apps/financial-service/internal/repository/income_repository.go:38.43,40.4 1 0
github.com/geekzy/gspend-app/apps/financial-service/internal/repository/income_repository.go:41.3,41.18 1 0
github.com/geekzy/gspend-app/apps/financial-service/internal/repository/income_repository.go:43.2,43.21 1 0
github.com/geekzy/gspend-app/apps/financial-service/internal/repository/income_repository.go:46.120,51.16 4 0
github.com/geekzy/gspend-app/apps/financial-service/internal/repository/income_repository.go:51.16,53.3 1 0
github.com/geekzy/gspend-app/apps/financial-service/internal/repository/income_repository.go:54.2,57.50 3 0
github.com/geekzy/gspend-app/apps/financial-service/internal/repository/income_repository.go:57.50,59.3 1 0
github.com/geekzy/gspend-app/apps/financial-service/internal/repository/income_repository.go:60.2,60.21 1 0
github.com/geekzy/gspend-app/apps/financial-service/internal/repository/income_repository.go:63.90,67.2 3 0
github.com/geekzy/gspend-app/apps/financial-service/internal/repository/income_repository.go:69.90,72.2 2 0
github.com/geekzy/gspend-app/apps/financial-service/internal/repository/transaction_repository.go:19.85,23.2 1 0
github.com/geekzy/gspend-app/apps/financial-service/internal/repository/transaction_repository.go:25.105,32.2 5 0
github.com/geekzy/gspend-app/apps/financial-service/internal/repository/transaction_repository.go:34.119,37.16 3 0
github.com/geekzy/gspend-app/apps/financial-service/internal/repository/transaction_repository.go:37.16,38.43 1 0
github.com/geekzy/gspend-app/apps/financial-service/internal/repository/transaction_repository.go:38.43,40.4 1 0
github.com/geekzy/gspend-app/apps/financial-service/internal/repository/transaction_repository.go:41.3,41.18 1 0
github.com/geekzy/gspend-app/apps/financial-service/internal/repository/transaction_repository.go:43.2,43.26 1 0
github.com/geekzy/gspend-app/apps/financial-service/internal/repository/transaction_repository.go:46.161,49.27 2 0
github.com/geekzy/gspend-app/apps/financial-service/internal/repository/transaction_repository.go:49.27,51.3 1 0
github.com/geekzy/gspend-app/apps/financial-service/internal/repository/transaction_repository.go:53.2,55.16 3 0
github.com/geekzy/gspend-app/apps/financial-service/internal/repository/transaction_repository.go:55.16,57.3 1 0
github.com/geekzy/gspend-app/apps/financial-service/internal/repository/transaction_repository.go:58.2,61.55 3 0
github.com/geekzy/gspend-app/apps/financial-service/internal/repository/transaction_repository.go:61.55,63.3 1 0
github.com/geekzy/gspend-app/apps/financial-service/internal/repository/transaction_repository.go:64.2,64.26 1 0
github.com/geekzy/gspend-app/apps/financial-service/internal/repository/transaction_repository.go:67.105,71.2 3 0
github.com/geekzy/gspend-app/apps/financial-service/internal/repository/transaction_repository.go:73.95,76.2 2 0
github.com/geekzy/gspend-app/apps/financial-service/internal/grpc/client/auth_client.go:17.73,25.16 4 0
github.com/geekzy/gspend-app/apps/financial-service/internal/grpc/client/auth_client.go:25.16,27.3 1 0
github.com/geekzy/gspend-app/apps/financial-service/internal/grpc/client/auth_client.go:29.2,34.8 2 0
github.com/geekzy/gspend-app/apps/financial-service/internal/grpc/client/auth_client.go:37.114,41.2 1 0
github.com/geekzy/gspend-app/apps/financial-service/internal/grpc/client/auth_client.go:43.117,47.2 1 0
github.com/geekzy/gspend-app/apps/financial-service/internal/grpc/client/auth_client.go:49.119,53.2 1 0
github.com/geekzy/gspend-app/apps/financial-service/internal/grpc/client/auth_client.go:55.40,57.2 1 0
github.com/geekzy/gspend-app/apps/financial-service/internal/handler/budget_handler.go:20.76,25.2 1 0
github.com/geekzy/gspend-app/apps/financial-service/internal/handler/budget_handler.go:27.54,32.36 4 0
github.com/geekzy/gspend-app/apps/financial-service/internal/handler/budget_handler.go:32.36,34.3 1 0
github.com/geekzy/gspend-app/apps/financial-service/internal/handler/budget_handler.go:36.2,36.47 1 0
github.com/geekzy/gspend-app/apps/financial-service/internal/handler/budget_handler.go:36.47,38.3 1 0
github.com/geekzy/gspend-app/apps/financial-service/internal/handler/budget_handler.go:40.2,41.36 2 0
github.com/geekzy/gspend-app/apps/financial-service/internal/handler/budget_handler.go:41.36,49.3 2 0
github.com/geekzy/gspend-app/apps/financial-service/internal/handler/budget_handler.go:51.2,61.84 2 0
github.com/geekzy/gspend-app/apps/financial-service/internal/handler/budget_handler.go:61.84,63.3 1 0
github.com/geekzy/gspend-app/apps/financial-service/internal/handler/budget_handler.go:65.2,65.43 1 0
github.com/geekzy/gspend-app/apps/financial-service/internal/handler/budget_handler.go:68.52,72.16 3 0
github.com/geekzy/gspend-app/apps/financial-service/internal/handler/budget_handler.go:72.16,74.3 1 0
github.com/geekzy/gspend-app/apps/financial-service/internal/handler/budget_handler.go:76.2,76.39 1 0
github.com/geekzy/gspend-app/apps/financial-service/internal/handler/budget_handler.go:79.57,84.19 4 0
github.com/geekzy/gspend-app/apps/financial-service/internal/handler/budget_handler.go:84.19,87.17 3 0
github.com/geekzy/gspend-app/apps/financial-service/internal/handler/budget_handler.go:87.17,89.4 1 0
github.com/geekzy/gspend-app/apps/financial-service/internal/handler/budget_handler.go:90.8,92.3 1 0
github.com/geekzy/gspend-app/apps/financial-service/internal/handler/budget_handler.go:94.2,95.16 2 0
github.com/geekzy/gspend-app/apps/financial-service/internal/handler/budget_handler.go:95.16,97.3 1 0
github.com/geekzy/gspend-app/apps/financial-service/internal/handler/budget_handler.go:98.2,98.19 1 0
github.com/geekzy/gspend-app/apps/financial-service/internal/handler/budget_handler.go:98.19,100.3 1 0
github.com/geekzy/gspend-app/apps/financial-service/internal/handler/budget_handler.go:102.2,102.38 1 0
github.com/geekzy/gspend-app/apps/financial-service/internal/handler/budget_handler.go:105.54,108.16 3 0
github.com/geekzy/gspend-app/apps/financial-service/internal/handler/budget_handler.go:108.16,110.3 1 0
github.com/geekzy/gspend-app/apps/financial-service/internal/handler/budget_handler.go:112.2,113.36 2 0
github.com/geekzy/gspend-app/apps/financial-service/internal/handler/budget_handler.go:113.36,115.3 1 0
github.com/geekzy/gspend-app/apps/financial-service/internal/handler/budget_handler.go:117.2,118.36 2 0
github.com/geekzy/gspend-app/apps/financial-service/internal/handler/budget_handler.go:118.36,126.3 2 0
github.com/geekzy/gspend-app/apps/financial-service/internal/handler/budget_handler.go:128.2,138.84 2 0
github.com/geekzy/gspend-app/apps/financial-service/internal/handler/budget_handler.go:138.84,140.3 1 0
github.com/geekzy/gspend-app/apps/financial-service/internal/handler/budget_handler.go:142.2,142.38 1 0
github.com/geekzy/gspend-app/apps/financial-service/internal/handler/budget_handler.go:145.54,147.80 2 0
github.com/geekzy/gspend-app/apps/financial-service/internal/handler/budget_handler.go:147.80,149.3 1 0
github.com/geekzy/gspend-app/apps/financial-service/internal/handler/budget_handler.go:151.2,151.42 1 0
github.com/geekzy/gspend-app/apps/financial-service/internal/handler/category_handler.go:19.84,24.2 1 0
github.com/geekzy/gspend-app/apps/financial-service/internal/handler/category_handler.go:26.56,31.36 4 0
github.com/geekzy/gspend-app/apps/financial-service/internal/handler/category_handler.go:31.36,33.3 1 0
github.com/geekzy/gspend-app/apps/financial-service/internal/handler/category_handler.go:35.2,35.47 1 0
github.com/geekzy/gspend-app/apps/financial-service/internal/handler/category_handler.go:35.47,37.3 1 0
github.com/geekzy/gspend-app/apps/financial-service/internal/handler/category_handler.go:39.2,49.90 2 0
github.com/geekzy/gspend-app/apps/financial-service/internal/handler/category_handler.go:49.90,51.3 1 0
github.com/geekzy/gspend-app/apps/financial-service/internal/handler/category_handler.go:53.2,53.45 1 0
github.com/geekzy/gspend-app/apps/financial-service/internal/handler/category_handler.go:56.54,61.16 4 0
github.com/geekzy/gspend-app/apps/financial-service/internal/handler/category_handler.go:61.16,63.3 1 0
github.com/geekzy/gspend-app/apps/financial-service/internal/handler/category_handler.go:65.2,65.42 1 0
github.com/geekzy/gspend-app/apps/financial-service/internal/handler/category_handler.go:68.56,71.16 3 0
github.com/geekzy/gspend-app/apps/financial-service/internal/handler/category_handler.go:71.16,73.3 1 0
github.com/geekzy/gspend-app/apps/financial-service/internal/handler/category_handler.go:75.2,76.36 2 0
github.com/geekzy/gspend-app/apps/financial-service/internal/handler/category_handler.go:76.36,78.3 1 0
github.com/geekzy/gspend-app/apps/financial-service/internal/handler/category_handler.go:80.2,89.90 2 0
github.com/geekzy/gspend-app/apps/financial-service/internal/handler/category_handler.go:89.90,91.3 1 0
github.com/geekzy/gspend-app/apps/financial-service/internal/handler/category_handler.go:93.2,93.40 1 0
github.com/geekzy/gspend-app/apps/financial-service/internal/handler/category_handler.go:96.56,98.84 2 0
github.com/geekzy/gspend-app/apps/financial-service/internal/handler/category_handler.go:98.84,100.3 1 0
github.com/geekzy/gspend-app/apps/financial-service/internal/handler/category_handler.go:102.2,102.42 1 0
github.com/geekzy/gspend-app/apps/financial-service/internal/handler/income_handler.go:19.76,24.2 1 0
github.com/geekzy/gspend-app/apps/financial-service/internal/handler/income_handler.go:26.54,31.36 4 0
github.com/geekzy/gspend-app/apps/financial-service/internal/handler/income_handler.go:31.36,33.3 1 0
github.com/geekzy/gspend-app/apps/financial-service/internal/handler/income_handler.go:35.2,35.47 1 0
github.com/geekzy/gspend-app/apps/financial-service/internal/handler/income_handler.go:35.47,37.3 1 0
github.com/geekzy/gspend-app/apps/financial-service/internal/handler/income_handler.go:39.2,47.84 2 0
github.com/geekzy/gspend-app/apps/financial-service/internal/handler/income_handler.go:47.84,49.3 1 0
github.com/geekzy/gspend-app/apps/financial-service/internal/handler/income_handler.go:51.2,51.43 1 0
github.com/geekzy/gspend-app/apps/financial-service/internal/handler/income_handler.go:54.52,58.16 3 0
github.com/geekzy/gspend-app/apps/financial-service/internal/handler/income_handler.go:58.16,60.3 1 0
github.com/geekzy/gspend-app/apps/financial-service/internal/handler/income_handler.go:62.2,62.39 1 0
github.com/geekzy/gspend-app/apps/financial-service/internal/handler/income_handler.go:65.54,68.16 3 0
github.com/geekzy/gspend-app/apps/financial-service/internal/handler/income_handler.go:68.16,70.3 1 0
github.com/geekzy/gspend-app/apps/financial-service/internal/handler/income_handler.go:72.2,73.36 2 0
github.com/geekzy/gspend-app/apps/financial-service/internal/handler/income_handler.go:73.36,75.3 1 0
github.com/geekzy/gspend-app/apps/financial-service/internal/handler/income_handler.go:77.2,85.84 2 0
github.com/geekzy/gspend-app/apps/financial-service/internal/handler/income_handler.go:85.84,87.3 1 0
github.com/geekzy/gspend-app/apps/financial-service/internal/handler/income_handler.go:89.2,89.38 1 0
github.com/geekzy/gspend-app/apps/financial-service/internal/handler/income_handler.go:92.54,94.80 2 0
github.com/geekzy/gspend-app/apps/financial-service/internal/handler/income_handler.go:94.80,96.3 1 0
github.com/geekzy/gspend-app/apps/financial-service/internal/handler/income_handler.go:98.2,98.42 1 0
github.com/geekzy/gspend-app/apps/financial-service/internal/handler/transaction_handler.go:19.96,24.2 1 0
github.com/geekzy/gspend-app/apps/financial-service/internal/handler/transaction_handler.go:26.59,31.36 4 0
github.com/geekzy/gspend-app/apps/financial-service/internal/handler/transaction_handler.go:31.36,33.3 1 0
github.com/geekzy/gspend-app/apps/financial-service/internal/handler/transaction_handler.go:35.2,35.47 1 0
github.com/geekzy/gspend-app/apps/financial-service/internal/handler/transaction_handler.go:35.47,37.3 1 0
github.com/geekzy/gspend-app/apps/financial-service/internal/handler/transaction_handler.go:39.2,42.24 3 0
github.com/geekzy/gspend-app/apps/financial-service/internal/handler/transaction_handler.go:42.24,45.3 2 0
github.com/geekzy/gspend-app/apps/financial-service/internal/handler/transaction_handler.go:47.2,60.99 2 0
github.com/geekzy/gspend-app/apps/financial-service/internal/handler/transaction_handler.go:60.99,62.3 1 0
github.com/geekzy/gspend-app/apps/financial-service/internal/handler/transaction_handler.go:64.2,64.48 1 0
github.com/geekzy/gspend-app/apps/financial-service/internal/handler/transaction_handler.go:67.57,72.40 3 0
github.com/geekzy/gspend-app/apps/financial-service/internal/handler/transaction_handler.go:72.40,74.3 1 0
github.com/geekzy/gspend-app/apps/financial-service/internal/handler/transaction_handler.go:75.2,75.54 1 0
github.com/geekzy/gspend-app/apps/financial-service/internal/handler/transaction_handler.go:75.54,78.3 2 0
github.com/geekzy/gspend-app/apps/financial-service/internal/handler/transaction_handler.go:79.2,79.48 1 0
github.com/geekzy/gspend-app/apps/financial-service/internal/handler/transaction_handler.go:79.48,82.3 2 0
github.com/geekzy/gspend-app/apps/financial-service/internal/handler/transaction_handler.go:84.2,85.16 2 0
github.com/geekzy/gspend-app/apps/financial-service/internal/handler/transaction_handler.go:85.16,87.3 1 0
github.com/geekzy/gspend-app/apps/financial-service/internal/handler/transaction_handler.go:89.2,89.44 1 0
github.com/geekzy/gspend-app/apps/financial-service/internal/handler/transaction_handler.go:92.60,95.16 3 0
github.com/geekzy/gspend-app/apps/financial-service/internal/handler/transaction_handler.go:95.16,97.3 1 0
github.com/geekzy/gspend-app/apps/financial-service/internal/handler/transaction_handler.go:98.2,98.24 1 0
github.com/geekzy/gspend-app/apps/financial-service/internal/handler/transaction_handler.go:98.24,100.3 1 0
github.com/geekzy/gspend-app/apps/financial-service/internal/handler/transaction_handler.go:102.2,102.43 1 0
github.com/geekzy/gspend-app/apps/financial-service/internal/handler/transaction_handler.go:105.59,108.16 3 0
github.com/geekzy/gspend-app/apps/financial-service/internal/handler/transaction_handler.go:108.16,110.3 1 0
github.com/geekzy/gspend-app/apps/financial-service/internal/handler/transaction_handler.go:112.2,113.36 2 0
github.com/geekzy/gspend-app/apps/financial-service/internal/handler/transaction_handler.go:113.36,115.3 1 0
github.com/geekzy/gspend-app/apps/financial-service/internal/handler/transaction_handler.go:117.2,120.24 3 0
github.com/geekzy/gspend-app/apps/financial-service/internal/handler/transaction_handler.go:120.24,123.3 2 0
github.com/geekzy/gspend-app/apps/financial-service/internal/handler/transaction_handler.go:125.2,137.99 2 0
github.com/geekzy/gspend-app/apps/financial-service/internal/handler/transaction_handler.go:137.99,139.3 1 0
github.com/geekzy/gspend-app/apps/financial-service/internal/handler/transaction_handler.go:141.2,141.43 1 0
github.com/geekzy/gspend-app/apps/financial-service/internal/handler/transaction_handler.go:144.59,146.90 2 0
github.com/geekzy/gspend-app/apps/financial-service/internal/handler/transaction_handler.go:146.90,148.3 1 0
github.com/geekzy/gspend-app/apps/financial-service/internal/handler/transaction_handler.go:150.2,150.42 1 0
github.com/geekzy/gspend-app/apps/financial-service/internal/config/config.go:20.46,30.2 7 0
github.com/geekzy/gspend-app/apps/financial-service/cmd/server/main.go:19.13,22.16 2 0
github.com/geekzy/gspend-app/apps/financial-service/cmd/server/main.go:22.16,24.3 1 0
github.com/geekzy/gspend-app/apps/financial-service/cmd/server/main.go:27.2,28.16 2 0
github.com/geekzy/gspend-app/apps/financial-service/cmd/server/main.go:28.16,30.3 1 0
github.com/geekzy/gspend-app/apps/financial-service/cmd/server/main.go:31.2,36.16 4 0
github.com/geekzy/gspend-app/apps/financial-service/cmd/server/main.go:36.16,38.3 1 0
github.com/geekzy/gspend-app/apps/financial-service/cmd/server/main.go:39.2,44.24 4 0
github.com/geekzy/gspend-app/apps/financial-service/cmd/server/main.go:44.24,46.3 1 0
github.com/geekzy/gspend-app/apps/financial-service/cmd/server/main.go:48.2,49.16 2 0
github.com/geekzy/gspend-app/apps/financial-service/cmd/server/main.go:49.16,51.3 1 0
github.com/geekzy/gspend-app/apps/financial-service/cmd/server/main.go:52.2,83.53 20 0
github.com/geekzy/gspend-app/apps/financial-service/cmd/server/main.go:83.53,89.3 1 0
github.com/geekzy/gspend-app/apps/financial-service/cmd/server/main.go:92.2,127.62 26 0
github.com/geekzy/gspend-app/apps/financial-service/cmd/server/main.go:127.62,129.3 1 0
github.com/geekzy/gspend-app/apps/financial-service/internal/middleware/auth.go:13.76,14.54 1 0
github.com/geekzy/gspend-app/apps/financial-service/internal/middleware/auth.go:14.54,15.37 1 0
github.com/geekzy/gspend-app/apps/financial-service/internal/middleware/auth.go:15.37,17.24 2 0
github.com/geekzy/gspend-app/apps/financial-service/internal/middleware/auth.go:17.24,19.5 1 0
github.com/geekzy/gspend-app/apps/financial-service/internal/middleware/auth.go:21.4,22.47 2 0
github.com/geekzy/gspend-app/apps/financial-service/internal/middleware/auth.go:22.47,24.5 1 0
github.com/geekzy/gspend-app/apps/financial-service/internal/middleware/auth.go:26.4,30.33 3 0
github.com/geekzy/gspend-app/apps/financial-service/internal/middleware/auth.go:30.33,32.5 1 0
github.com/geekzy/gspend-app/apps/financial-service/internal/middleware/auth.go:35.4,38.18 3 0
github.com/geekzy/gspend-app/apps/financial-service/pkg/database/mongodb.go:12.56,17.16 4 0
github.com/geekzy/gspend-app/apps/financial-service/pkg/database/mongodb.go:17.16,19.3 1 0
github.com/geekzy/gspend-app/apps/financial-service/pkg/database/mongodb.go:22.2,22.46 1 0
github.com/geekzy/gspend-app/apps/financial-service/pkg/database/mongodb.go:22.46,24.3 1 0
github.com/geekzy/gspend-app/apps/financial-service/pkg/database/mongodb.go:26.2,26.20 1 0
github.com/geekzy/gspend-app/apps/financial-service/pkg/database/redis.go:12.87,23.53 4 0
github.com/geekzy/gspend-app/apps/financial-service/pkg/database/redis.go:23.53,25.3 1 0
github.com/geekzy/gspend-app/apps/financial-service/pkg/database/redis.go:27.2,27.20 1 0
github.com/geekzy/gspend-app/apps/financial-service/pkg/proto/auth/v1/auth.pb.go:33.40,38.2 4 0
github.com/geekzy/gspend-app/apps/financial-service/pkg/proto/auth/v1/auth.pb.go:40.48,42.2 1 0
github.com/geekzy/gspend-app/apps/financial-service/pkg/proto/auth/v1/auth.pb.go:44.46,44.47 0 0
github.com/geekzy/gspend-app/apps/financial-service/pkg/proto/auth/v1/auth.pb.go:46.68,48.14 2 0
github.com/geekzy/gspend-app/apps/financial-service/pkg/proto/auth/v1/auth.pb.go:48.14,50.34 2 0
github.com/geekzy/gspend-app/apps/financial-service/pkg/proto/auth/v1/auth.pb.go:50.34,52.4 1 0
github.com/geekzy/gspend-app/apps/financial-service/pkg/proto/auth/v1/auth.pb.go:53.3,53.12 1 0
github.com/geekzy/gspend-app/apps/financial-service/pkg/proto/auth/v1/auth.pb.go:55.2,55.24 1 0
github.com/geekzy/gspend-app/apps/financial-service/pkg/proto/auth/v1/auth.pb.go:59.59,61.2 1 0
github.com/geekzy/gspend-app/apps/financial-service/pkg/proto/auth/v1/auth.pb.go:63.50,64.14 1 0
github.com/geekzy/gspend-app/apps/financial-service/pkg/proto/auth/v1/auth.pb.go:64.14,66.3 1 0
github.com/geekzy/gspend-app/apps/financial-service/pkg/proto/auth/v1/auth.pb.go:67.2,67.11 1 0
github.com/geekzy/gspend-app/apps/financial-service/pkg/proto/auth/v1/auth.pb.go:80.41,85.2 4 0
github.com/geekzy/gspend-app/apps/financial-service/pkg/proto/auth/v1/auth.pb.go:87.49,89.2 1 0
github.com/geekzy/gspend-app/apps/financial-service/pkg/proto/auth/v1/auth.pb.go:91.47,91.48 0 0
github.com/geekzy/gspend-app/apps/financial-service/pkg/proto/auth/v1/auth.pb.go:93.69,95.14 2 0
github.com/geekzy/gspend-app/apps/financial-service/pkg/proto/auth/v1/auth.pb.go:95.14,97.34 2 0
github.com/geekzy/gspend-app/apps/financial-service/pkg/proto/auth/v1/auth.pb.go:97.34,99.4 1 0
github.com/geekzy/gspend-app/apps/financial-service/pkg/proto/auth/v1/auth.pb.go:100.3,100.12 1 0
github.com/geekzy/gspend-app/apps/financial-service/pkg/proto/auth/v1/auth.pb.go:102.2,102.24 1 0
github.com/geekzy/gspend-app/apps/financial-service/pkg/proto/auth/v1/auth.pb.go:106.60,108.2 1 0
github.com/geekzy/gspend-app/apps/financial-service/pkg/proto/auth/v1/auth.pb.go:110.49,111.14 1 0
github.com/geekzy/gspend-app/apps/financial-service/pkg/proto/auth/v1/auth.pb.go:111.14,113.3 1 0
github.com/geekzy/gspend-app/apps/financial-service/pkg/proto/auth/v1/auth.pb.go:114.2,114.14 1 0
github.com/geekzy/gspend-app/apps/financial-service/pkg/proto/auth/v1/auth.pb.go:117.52,118.14 1 0
github.com/geekzy/gspend-app/apps/financial-service/pkg/proto/auth/v1/auth.pb.go:118.14,120.3 1 0
github.com/geekzy/gspend-app/apps/financial-service/pkg/proto/auth/v1/auth.pb.go:121.2,121.11 1 0
github.com/geekzy/gspend-app/apps/financial-service/pkg/proto/auth/v1/auth.pb.go:124.51,125.14 1 0
github.com/geekzy/gspend-app/apps/financial-service/pkg/proto/auth/v1/auth.pb.go:125.14,127.3 1 0
github.com/geekzy/gspend-app/apps/financial-service/pkg/proto/auth/v1/auth.pb.go:128.2,128.11 1 0
github.com/geekzy/gspend-app/apps/financial-service/pkg/proto/auth/v1/auth.pb.go:131.58,132.14 1 0
github.com/geekzy/gspend-app/apps/financial-service/pkg/proto/auth/v1/auth.pb.go:132.14,134.3 1 0
github.com/geekzy/gspend-app/apps/financial-service/pkg/proto/auth/v1/auth.pb.go:135.2,135.11 1 0
github.com/geekzy/gspend-app/apps/financial-service/pkg/proto/auth/v1/auth.pb.go:146.41,151.2 4 0
github.com/geekzy/gspend-app/apps/financial-service/pkg/proto/auth/v1/auth.pb.go:153.49,155.2 1 0
github.com/geekzy/gspend-app/apps/financial-service/pkg/proto/auth/v1/auth.pb.go:157.47,157.48 0 0
github.com/geekzy/gspend-app/apps/financial-service/pkg/proto/auth/v1/auth.pb.go:159.69,161.14 2 0
github.com/geekzy/gspend-app/apps/financial-service/pkg/proto/auth/v1/auth.pb.go:161.14,163.34 2 0
github.com/geekzy/gspend-app/apps/financial-service/pkg/proto/auth/v1/auth.pb.go:163.34,165.4 1 0
github.com/geekzy/gspend-app/apps/financial-service/pkg/proto/auth/v1/auth.pb.go:166.3,166.12 1 0
github.com/geekzy/gspend-app/apps/financial-service/pkg/proto/auth/v1/auth.pb.go:168.2,168.24 1 0
github.com/geekzy/gspend-app/apps/financial-service/pkg/proto/auth/v1/auth.pb.go:172.60,174.2 1 0
github.com/geekzy/gspend-app/apps/financial-service/pkg/proto/auth/v1/auth.pb.go:176.52,177.14 1 0
github.com/geekzy/gspend-app/apps/financial-service/pkg/proto/auth/v1/auth.pb.go:177.14,179.3 1 0
github.com/geekzy/gspend-app/apps/financial-service/pkg/proto/auth/v1/auth.pb.go:180.2,180.11 1 0
github.com/geekzy/gspend-app/apps/financial-service/pkg/proto/auth/v1/auth.pb.go:190.42,195.2 4 0
github.com/geekzy/gspend-app/apps/financial-service/pkg/proto/auth/v1/auth.pb.go:197.50,199.2 1 0
github.com/geekzy/gspend-app/apps/financial-service/pkg/proto/auth/v1/auth.pb.go:201.48,201.49 0 0
github.com/geekzy/gspend-app/apps/financial-service/pkg/proto/auth/v1/auth.pb.go:203.70,205.14 2 0
github.com/geekzy/gspend-app/apps/financial-service/pkg/proto/auth/v1/auth.pb.go:205.14,207.34 2 0
github.com/geekzy/gspend-app/apps/financial-service/pkg/proto/auth/v1/auth.pb.go:207.34,209.4 1 0
github.com/geekzy/gspend-app/apps/financial-service/pkg/proto/auth/v1/auth.pb.go:210.3,210.12 1 0
github.com/geekzy/gspend-app/apps/financial-service/pkg/proto/auth/v1/auth.pb.go:212.2,212.24 1 0
github.com/geekzy/gspend-app/apps/financial-service/pkg/proto/auth/v1/auth.pb.go:216.61,218.2 1 0
github.com/geekzy/gspend-app/apps/financial-service/pkg/proto/auth/v1/auth.pb.go:220.50,221.14 1 0
github.com/geekzy/gspend-app/apps/financial-service/pkg/proto/auth/v1/auth.pb.go:221.14,223.3 1 0
github.com/geekzy/gspend-app/apps/financial-service/pkg/proto/auth/v1/auth.pb.go:224.2,224.12 1 0
github.com/geekzy/gspend-app/apps/financial-service/pkg/proto/auth/v1/auth.pb.go:239.24,244.2 4 0
github.com/geekzy/gspend-app/apps/financial-service/pkg/proto/auth/v1/auth.pb.go:246.32,248.2 1 0
github.com/geekzy/gspend-app/apps/financial-service/pkg/proto/auth/v1/auth.pb.go:250.30,250.31 0 0
github.com/geekzy/gspend-app/apps/financial-service/pkg/proto/auth/v1/auth.pb.go:252.52,254.14 2 0
github.com/geekzy/gspend-app/apps/financial-service/pkg/proto/auth/v1/auth.pb.go:254.14,256.34 2 0
github.com/geekzy/gspend-app/apps/financial-service/pkg/proto/auth/v1/auth.pb.go:256.34,258.4 1 0
github.com/geekzy/gspend-app/apps/financial-service/pkg/proto/auth/v1/auth.pb.go:259.3,259.12 1 0
github.com/geekzy/gspend-app/apps/financial-service/pkg/proto/auth/v1/auth.pb.go:261.2,261.24 1 0
github.com/geekzy/gspend-app/apps/financial-service/pkg/proto/auth/v1/auth.pb.go:265.43,267.2 1 0
github.com/geekzy/gspend-app/apps/financial-service/pkg/proto/auth/v1/auth.pb.go:269.31,270.14 1 0
github.com/geekzy/gspend-app/apps/financial-service/pkg/proto/auth/v1/auth.pb.go:270.14,272.3 1 0
github.com/geekzy/gspend-app/apps/financial-service/pkg/proto/auth/v1/auth.pb.go:273.2,273.11 1 0
github.com/geekzy/gspend-app/apps/financial-service/pkg/proto/auth/v1/auth.pb.go:276.34,277.14 1 0
github.com/geekzy/gspend-app/apps/financial-service/pkg/proto/auth/v1/auth.pb.go:277.14,279.3 1 0
github.com/geekzy/gspend-app/apps/financial-service/pkg/proto/auth/v1/auth.pb.go:280.2,280.11 1 0
github.com/geekzy/gspend-app/apps/financial-service/pkg/proto/auth/v1/auth.pb.go:283.37,284.14 1 0
github.com/geekzy/gspend-app/apps/financial-service/pkg/proto/auth/v1/auth.pb.go:284.14,286.3 1 0
github.com/geekzy/gspend-app/apps/financial-service/pkg/proto/auth/v1/auth.pb.go:287.2,287.11 1 0
github.com/geekzy/gspend-app/apps/financial-service/pkg/proto/auth/v1/auth.pb.go:290.38,291.14 1 0
github.com/geekzy/gspend-app/apps/financial-service/pkg/proto/auth/v1/auth.pb.go:291.14,293.3 1 0
github.com/geekzy/gspend-app/apps/financial-service/pkg/proto/auth/v1/auth.pb.go:294.2,294.10 1 0
github.com/geekzy/gspend-app/apps/financial-service/pkg/proto/auth/v1/auth.pb.go:297.54,298.14 1 0
github.com/geekzy/gspend-app/apps/financial-service/pkg/proto/auth/v1/auth.pb.go:298.14,300.3 1 0
github.com/geekzy/gspend-app/apps/financial-service/pkg/proto/auth/v1/auth.pb.go:301.2,301.12 1 0
github.com/geekzy/gspend-app/apps/financial-service/pkg/proto/auth/v1/auth.pb.go:304.54,305.14 1 0
github.com/geekzy/gspend-app/apps/financial-service/pkg/proto/auth/v1/auth.pb.go:305.14,307.3 1 0
github.com/geekzy/gspend-app/apps/financial-service/pkg/proto/auth/v1/auth.pb.go:308.2,308.12 1 0
github.com/geekzy/gspend-app/apps/financial-service/pkg/proto/auth/v1/auth.pb.go:319.42,324.2 4 0
github.com/geekzy/gspend-app/apps/financial-service/pkg/proto/auth/v1/auth.pb.go:326.50,328.2 1 0
github.com/geekzy/gspend-app/apps/financial-service/pkg/proto/auth/v1/auth.pb.go:330.48,330.49 0 0
github.com/geekzy/gspend-app/apps/financial-service/pkg/proto/auth/v1/auth.pb.go:332.70,334.14 2 0
github.com/geekzy/gspend-app/apps/financial-service/pkg/proto/auth/v1/auth.pb.go:334.14,336.34 2 0
github.com/geekzy/gspend-app/apps/financial-service/pkg/proto/auth/v1/auth.pb.go:336.34,338.4 1 0
github.com/geekzy/gspend-app/apps/financial-service/pkg/proto/auth/v1/auth.pb.go:339.3,339.12 1 0
github.com/geekzy/gspend-app/apps/financial-service/pkg/proto/auth/v1/auth.pb.go:341.2,341.24 1 0
github.com/geekzy/gspend-app/apps/financial-service/pkg/proto/auth/v1/auth.pb.go:345.61,347.2 1 0
github.com/geekzy/gspend-app/apps/financial-service/pkg/proto/auth/v1/auth.pb.go:349.53,350.14 1 0
github.com/geekzy/gspend-app/apps/financial-service/pkg/proto/auth/v1/auth.pb.go:350.14,352.3 1 0
github.com/geekzy/gspend-app/apps/financial-service/pkg/proto/auth/v1/auth.pb.go:353.2,353.11 1 0
github.com/geekzy/gspend-app/apps/financial-service/pkg/proto/auth/v1/auth.pb.go:363.43,368.2 4 0
github.com/geekzy/gspend-app/apps/financial-service/pkg/proto/auth/v1/auth.pb.go:370.51,372.2 1 0
github.com/geekzy/gspend-app/apps/financial-service/pkg/proto/auth/v1/auth.pb.go:374.49,374.50 0 0
github.com/geekzy/gspend-app/apps/financial-service/pkg/proto/auth/v1/auth.pb.go:376.71,378.14 2 0
github.com/geekzy/gspend-app/apps/financial-service/pkg/proto/auth/v1/auth.pb.go:378.14,380.34 2 0
github.com/geekzy/gspend-app/apps/financial-service/pkg/proto/auth/v1/auth.pb.go:380.34,382.4 1 0
github.com/geekzy/gspend-app/apps/financial-service/pkg/proto/auth/v1/auth.pb.go:383.3,383.12 1 0
github.com/geekzy/gspend-app/apps/financial-service/pkg/proto/auth/v1/auth.pb.go:385.2,385.24 1 0
github.com/geekzy/gspend-app/apps/financial-service/pkg/proto/auth/v1/auth.pb.go:389.62,391.2 1 0
github.com/geekzy/gspend-app/apps/financial-service/pkg/proto/auth/v1/auth.pb.go:393.52,394.14 1 0
github.com/geekzy/gspend-app/apps/financial-service/pkg/proto/auth/v1/auth.pb.go:394.14,396.3 1 0
github.com/geekzy/gspend-app/apps/financial-service/pkg/proto/auth/v1/auth.pb.go:397.2,397.14 1 0
github.com/geekzy/gspend-app/apps/financial-service/pkg/proto/auth/v1/auth.pb.go:440.51,441.48 1 0
github.com/geekzy/gspend-app/apps/financial-service/pkg/proto/auth/v1/auth.pb.go:441.48,443.3 1 0
github.com/geekzy/gspend-app/apps/financial-service/pkg/proto/auth/v1/auth.pb.go:444.2,444.44 1 0
github.com/geekzy/gspend-app/apps/financial-service/pkg/proto/auth/v1/auth.pb.go:475.13,475.47 1 0
github.com/geekzy/gspend-app/apps/financial-service/pkg/proto/auth/v1/auth.pb.go:476.37,477.36 1 0
github.com/geekzy/gspend-app/apps/financial-service/pkg/proto/auth/v1/auth.pb.go:477.36,479.3 1 0
github.com/geekzy/gspend-app/apps/financial-service/pkg/proto/auth/v1/auth.pb.go:480.2,496.39 5 0
github.com/geekzy/gspend-app/apps/financial-service/pkg/proto/auth/v1/auth_grpc.pb.go:45.74,47.2 1 0
github.com/geekzy/gspend-app/apps/financial-service/pkg/proto/auth/v1/auth_grpc.pb.go:49.147,53.16 4 0
github.com/geekzy/gspend-app/apps/financial-service/pkg/proto/auth/v1/auth_grpc.pb.go:53.16,55.3 1 0
github.com/geekzy/gspend-app/apps/financial-service/pkg/proto/auth/v1/auth_grpc.pb.go:56.2,56.17 1 0
github.com/geekzy/gspend-app/apps/financial-service/pkg/proto/auth/v1/auth_grpc.pb.go:59.150,63.16 4 0
github.com/geekzy/gspend-app/apps/financial-service/pkg/proto/auth/v1/auth_grpc.pb.go:63.16,65.3 1 0
github.com/geekzy/gspend-app/apps/financial-service/pkg/proto/auth/v1/auth_grpc.pb.go:66.2,66.17 1 0
github.com/geekzy/gspend-app/apps/financial-service/pkg/proto/auth/v1/auth_grpc.pb.go:69.153,73.16 4 0
github.com/geekzy/gspend-app/apps/financial-service/pkg/proto/auth/v1/auth_grpc.pb.go:73.16,75.3 1 0
github.com/geekzy/gspend-app/apps/financial-service/pkg/proto/auth/v1/auth_grpc.pb.go:76.2,76.17 1 0
github.com/geekzy/gspend-app/apps/financial-service/pkg/proto/auth/v1/auth_grpc.pb.go:101.125,103.2 1 0
github.com/geekzy/gspend-app/apps/financial-service/pkg/proto/auth/v1/auth_grpc.pb.go:104.128,106.2 1 0
github.com/geekzy/gspend-app/apps/financial-service/pkg/proto/auth/v1/auth_grpc.pb.go:107.131,109.2 1 0
github.com/geekzy/gspend-app/apps/financial-service/pkg/proto/auth/v1/auth_grpc.pb.go:110.82,110.83 0 0
github.com/geekzy/gspend-app/apps/financial-service/pkg/proto/auth/v1/auth_grpc.pb.go:111.82,111.83 0 0
github.com/geekzy/gspend-app/apps/financial-service/pkg/proto/auth/v1/auth_grpc.pb.go:120.80,125.59 1 0
github.com/geekzy/gspend-app/apps/financial-service/pkg/proto/auth/v1/auth_grpc.pb.go:125.59,127.3 1 0
github.com/geekzy/gspend-app/apps/financial-service/pkg/proto/auth/v1/auth_grpc.pb.go:128.2,128.50 1 0
github.com/geekzy/gspend-app/apps/financial-service/pkg/proto/auth/v1/auth_grpc.pb.go:131.170,133.32 2 0
github.com/geekzy/gspend-app/apps/financial-service/pkg/proto/auth/v1/auth_grpc.pb.go:133.32,135.3 1 0
github.com/geekzy/gspend-app/apps/financial-service/pkg/proto/auth/v1/auth_grpc.pb.go:136.2,136.24 1 0
github.com/geekzy/gspend-app/apps/financial-service/pkg/proto/auth/v1/auth_grpc.pb.go:136.24,138.3 1 0
github.com/geekzy/gspend-app/apps/financial-service/pkg/proto/auth/v1/auth_grpc.pb.go:139.2,143.77 2 0
github.com/geekzy/gspend-app/apps/financial-service/pkg/proto/auth/v1/auth_grpc.pb.go:143.77,145.3 1 0
github.com/geekzy/gspend-app/apps/financial-service/pkg/proto/auth/v1/auth_grpc.pb.go:146.2,146.44 1 0
github.com/geekzy/gspend-app/apps/financial-service/pkg/proto/auth/v1/auth_grpc.pb.go:149.171,151.32 2 0
github.com/geekzy/gspend-app/apps/financial-service/pkg/proto/auth/v1/auth_grpc.pb.go:151.32,153.3 1 0
github.com/geekzy/gspend-app/apps/financial-service/pkg/proto/auth/v1/auth_grpc.pb.go:154.2,154.24 1 0
github.com/geekzy/gspend-app/apps/financial-service/pkg/proto/auth/v1/auth_grpc.pb.go:154.24,156.3 1 0
github.com/geekzy/gspend-app/apps/financial-service/pkg/proto/auth/v1/auth_grpc.pb.go:157.2,161.77 2 0
github.com/geekzy/gspend-app/apps/financial-service/pkg/proto/auth/v1/auth_grpc.pb.go:161.77,163.3 1 0
github.com/geekzy/gspend-app/apps/financial-service/pkg/proto/auth/v1/auth_grpc.pb.go:164.2,164.44 1 0
github.com/geekzy/gspend-app/apps/financial-service/pkg/proto/auth/v1/auth_grpc.pb.go:167.172,169.32 2 0
github.com/geekzy/gspend-app/apps/financial-service/pkg/proto/auth/v1/auth_grpc.pb.go:169.32,171.3 1 0
github.com/geekzy/gspend-app/apps/financial-service/pkg/proto/auth/v1/auth_grpc.pb.go:172.2,172.24 1 0
github.com/geekzy/gspend-app/apps/financial-service/pkg/proto/auth/v1/auth_grpc.pb.go:172.24,174.3 1 0
github.com/geekzy/gspend-app/apps/financial-service/pkg/proto/auth/v1/auth_grpc.pb.go:175.2,179.77 2 0
github.com/geekzy/gspend-app/apps/financial-service/pkg/proto/auth/v1/auth_grpc.pb.go:179.77,181.3 1 0
github.com/geekzy/gspend-app/apps/financial-service/pkg/proto/auth/v1/auth_grpc.pb.go:182.2,182.44 1 0
github.com/geekzy/gspend-app/apps/financial-service/internal/service/budget_service.go:15.74,19.2 1 1
github.com/geekzy/gspend-app/apps/financial-service/internal/service/budget_service.go:21.88,23.2 1 1
github.com/geekzy/gspend-app/apps/financial-service/internal/service/budget_service.go:25.91,27.16 2 0
github.com/geekzy/gspend-app/apps/financial-service/internal/service/budget_service.go:27.16,29.3 1 0
github.com/geekzy/gspend-app/apps/financial-service/internal/service/budget_service.go:30.2,30.44 1 0
github.com/geekzy/gspend-app/apps/financial-service/internal/service/budget_service.go:33.103,35.16 2 0
github.com/geekzy/gspend-app/apps/financial-service/internal/service/budget_service.go:35.16,37.3 1 0
github.com/geekzy/gspend-app/apps/financial-service/internal/service/budget_service.go:38.2,38.49 1 0
github.com/geekzy/gspend-app/apps/financial-service/internal/service/budget_service.go:41.117,43.16 2 1
github.com/geekzy/gspend-app/apps/financial-service/internal/service/budget_service.go:43.16,45.3 1 1
github.com/geekzy/gspend-app/apps/financial-service/internal/service/budget_service.go:46.2,46.19 1 1
github.com/geekzy/gspend-app/apps/financial-service/internal/service/budget_service.go:46.19,48.3 1 0
github.com/geekzy/gspend-app/apps/financial-service/internal/service/budget_service.go:49.2,49.58 1 1
github.com/geekzy/gspend-app/apps/financial-service/internal/service/budget_service.go:52.88,54.2 1 0
github.com/geekzy/gspend-app/apps/financial-service/internal/service/budget_service.go:56.76,58.16 2 0
github.com/geekzy/gspend-app/apps/financial-service/internal/service/budget_service.go:58.16,60.3 1 0
github.com/geekzy/gspend-app/apps/financial-service/internal/service/budget_service.go:61.2,61.43 1 0
github.com/geekzy/gspend-app/apps/financial-service/internal/service/category_service.go:14.82,18.2 1 0
github.com/geekzy/gspend-app/apps/financial-service/internal/service/category_service.go:20.96,22.2 1 0
github.com/geekzy/gspend-app/apps/financial-service/internal/service/category_service.go:24.97,26.16 2 0
github.com/geekzy/gspend-app/apps/financial-service/internal/service/category_service.go:26.16,28.3 1 0
github.com/geekzy/gspend-app/apps/financial-service/internal/service/category_service.go:29.2,29.46 1 0
github.com/geekzy/gspend-app/apps/financial-service/internal/service/category_service.go:32.144,34.16 2 0
github.com/geekzy/gspend-app/apps/financial-service/internal/service/category_service.go:34.16,36.3 1 0
github.com/geekzy/gspend-app/apps/financial-service/internal/service/category_service.go:37.2,37.65 1 0
github.com/geekzy/gspend-app/apps/financial-service/internal/service/category_service.go:40.96,42.2 1 0
github.com/geekzy/gspend-app/apps/financial-service/internal/service/category_service.go:44.80,46.16 2 0
github.com/geekzy/gspend-app/apps/financial-service/internal/service/category_service.go:46.16,48.3 1 0
github.com/geekzy/gspend-app/apps/financial-service/internal/service/category_service.go:49.2,49.45 1 0
github.com/geekzy/gspend-app/apps/financial-service/internal/service/income_service.go:14.74,18.2 1 1
github.com/geekzy/gspend-app/apps/financial-service/internal/service/income_service.go:20.88,22.2 1 1
github.com/geekzy/gspend-app/apps/financial-service/internal/service/income_service.go:24.91,26.16 2 1
github.com/geekzy/gspend-app/apps/financial-service/internal/service/income_service.go:26.16,28.3 1 0
github.com/geekzy/gspend-app/apps/financial-service/internal/service/income_service.go:29.2,29.44 1 1
github.com/geekzy/gspend-app/apps/financial-service/internal/service/income_service.go:32.103,34.16 2 1
github.com/geekzy/gspend-app/apps/financial-service/internal/service/income_service.go:34.16,36.3 1 0
github.com/geekzy/gspend-app/apps/financial-service/internal/service/income_service.go:37.2,37.49 1 1
github.com/geekzy/gspend-app/apps/financial-service/internal/service/income_service.go:40.88,42.2 1 1
github.com/geekzy/gspend-app/apps/financial-service/internal/service/income_service.go:44.76,46.16 2 1
github.com/geekzy/gspend-app/apps/financial-service/internal/service/income_service.go:46.16,48.3 1 0
github.com/geekzy/gspend-app/apps/financial-service/internal/service/income_service.go:49.2,49.43 1 1
github.com/geekzy/gspend-app/apps/financial-service/internal/service/transaction_service.go:15.130,20.2 1 1
github.com/geekzy/gspend-app/apps/financial-service/internal/service/transaction_service.go:22.108,23.67 1 1
github.com/geekzy/gspend-app/apps/financial-service/internal/service/transaction_service.go:23.67,25.3 1 0
github.com/geekzy/gspend-app/apps/financial-service/internal/service/transaction_service.go:28.2,28.86 1 1
github.com/geekzy/gspend-app/apps/financial-service/internal/service/transaction_service.go:28.86,30.3 1 1
github.com/geekzy/gspend-app/apps/financial-service/internal/service/transaction_service.go:32.2,32.12 1 1
github.com/geekzy/gspend-app/apps/financial-service/internal/service/transaction_service.go:35.106,37.16 2 1
github.com/geekzy/gspend-app/apps/financial-service/internal/service/transaction_service.go:37.16,39.3 1 1
github.com/geekzy/gspend-app/apps/financial-service/internal/service/transaction_service.go:40.2,40.49 1 1
github.com/geekzy/gspend-app/apps/financial-service/internal/service/transaction_service.go:43.149,45.16 2 1
github.com/geekzy/gspend-app/apps/financial-service/internal/service/transaction_service.go:45.16,47.3 1 0
github.com/geekzy/gspend-app/apps/financial-service/internal/service/transaction_service.go:48.2,48.62 1 1
github.com/geekzy/gspend-app/apps/financial-service/internal/service/transaction_service.go:51.108,55.2 1 1
github.com/geekzy/gspend-app/apps/financial-service/internal/service/transaction_service.go:57.86,59.16 2 1
github.com/geekzy/gspend-app/apps/financial-service/internal/service/transaction_service.go:59.16,61.3 1 0
github.com/geekzy/gspend-app/apps/financial-service/internal/service/transaction_service.go:63.2,64.16 2 1
github.com/geekzy/gspend-app/apps/financial-service/internal/service/transaction_service.go:64.16,66.3 1 0
github.com/geekzy/gspend-app/apps/financial-service/internal/service/transaction_service.go:67.2,67.24 1 1
github.com/geekzy/gspend-app/apps/financial-service/internal/service/transaction_service.go:67.24,69.3 1 0
github.com/geekzy/gspend-app/apps/financial-service/internal/service/transaction_service.go:71.2,71.64 1 1
github.com/geekzy/gspend-app/apps/financial-service/internal/service/transaction_service.go:71.64,73.3 1 0
github.com/geekzy/gspend-app/apps/financial-service/internal/service/transaction_service.go:76.2,76.86 1 1
github.com/geekzy/gspend-app/apps/financial-service/internal/service/transaction_service.go:76.86,78.3 1 1
github.com/geekzy/gspend-app/apps/financial-service/internal/service/transaction_service.go:80.2,80.12 1 0
